06-07 18:00:46.992  3300  3492 I AiAiEcho: Predicting[0]:  [CONTEXT sampling_count=5 ]
06-07 18:00:46.993  3300  3492 I AiAiEcho: EchoTargets: 
06-07 18:00:46.993  3300  3492 I AiAiEcho: Filtered by AiAi flag check: 
06-07 18:00:46.993  3300  3492 I AiAiEcho: [CONTEXT ratelimit_period="10 SECONDS" ]
06-07 18:00:47.022   633   851 W IPCThreadState: Sending oneway calls to frozen process.
06-07 18:00:47.029   633   672 W Looper  : Drained
06-07 18:00:47.038  1526  1526 D SsBaseTemplateCard: No text view can be set up
06-07 18:00:47.047   633  2094 D SafetySourceDataValidat: No cert check requested for package com.google.android.permissioncontroller
06-07 18:00:47.050  3300  3492 I AiAiEcho: Ranked targets strategy: SORT, count: 0, ranking metadata:  [CONTEXT ratelimit_period="10 SECONDS" ]
06-07 18:00:47.061  3300  3492 I AiAiEcho: #remoteViewsTwiddler: feature disabled.
06-07 18:00:47.062  1878  1884 I ssioncontroller: Background concurrent mark compact GC freed 2293KB AllocSpace bytes, 0(0B) LOS objects, 49% free, 5835KB/11MB, paused 21.867ms,58.125ms total 2.066s
06-07 18:00:47.063  3300  3492 I AiAiEcho: Predicting[0]:  [CONTEXT sampling_count=5 ]
06-07 18:00:47.072  3300  3492 I AiAiEcho: EchoTargets: 
06-07 18:00:47.072  3300  3492 I AiAiEcho: Filtered by AiAi flag check: 
06-07 18:00:47.072  3300  3492 I AiAiEcho: [CONTEXT ratelimit_period="10 SECONDS" ]
06-07 18:00:47.077  1526  1526 D SsBaseTemplateCard: Passed-in item info is null
06-07 18:00:47.077  1526  1526 D SsBaseTemplateCard: Passed-in item info is null
06-07 18:00:47.077  3300  3492 I AiAiEcho: Ranked targets strategy: SORT, count: 0, ranking metadata:  [CONTEXT ratelimit_period="10 SECONDS" ]
06-07 18:00:47.077  1526  1526 D SsBaseTemplateCard: Passed-in item info is null
06-07 18:00:47.078  3300  3492 I AiAiEcho: #remoteViewsTwiddler: feature disabled.
06-07 18:00:47.078  1526  1526 I SsBaseTemplateCard: Secondary card pane is null
06-07 18:00:47.079  3300  3492 I AiAiEcho: Predicting[0]:  [CONTEXT sampling_count=5 ]
06-07 18:00:47.079  3300  3492 I AiAiEcho: EchoTargets: 
06-07 18:00:47.079  3300  3492 I AiAiEcho: Filtered by AiAi flag check: 
06-07 18:00:47.079  3300  3492 I AiAiEcho: [CONTEXT ratelimit_period="10 SECONDS" ]
06-07 18:00:47.090  3300  3492 I AiAiEcho: Ranked targets strategy: SORT, count: 0, ranking metadata:  [CONTEXT ratelimit_period="10 SECONDS" ]
06-07 18:00:47.098  1802  2425 I BugleRcsEngine: No RCS Configuration was found in Bugle for simID: redacted-pii:sim_id[chars:20,last3:897] [CONTEXT log_prefix="ProvisioningEngineDataRetriever" thread_id=65 ]
06-07 18:00:47.105  3300  3492 I AiAiEcho: #remoteViewsTwiddler: feature disabled.
06-07 18:00:47.106  3300  3492 I AiAiEcho: #postPredictionTargets: Sending updates to UISurface lockscreen with targets# 0 (types=[])
06-07 18:00:47.107   969   969 W PageIndicator: Total number of pages invalid: 0. Assuming 1 page.
06-07 18:00:47.108  3300  3492 I AiAiEcho: #postPredictionTargets: Sending updates to UISurface home with targets# 0 (types=[])
06-07 18:00:47.114  3300  3492 I AiAiEcho: #postPredictionTargets: Sending updates to UISurface media_data_manager with targets# 0 (types=[])
06-07 18:00:47.122   969   969 D SsMediaDataProvider: Forwarding Smartspace updates []
06-07 18:00:47.122   633   851 D InetDiagMessage: Destroyed 0 sockets, proto=IPPROTO_TCP, family=AF_INET, states=14
06-07 18:00:47.124   633   851 D InetDiagMessage: Destroyed 0 sockets, proto=IPPROTO_TCP, family=AF_INET6, states=14
06-07 18:00:47.124   633   851 D InetDiagMessage: Destroyed live tcp sockets for uids={10142} in 102ms
06-07 18:00:47.172  1526  1526 D SsBaseTemplateCard: No text view can be set up
06-07 18:00:47.172  1526  1526 D SsBaseTemplateCard: Passed-in item info is null
06-07 18:00:47.172  1526  1526 D SsBaseTemplateCard: Passed-in item info is null
06-07 18:00:47.173  1526  1526 D SsBaseTemplateCard: Passed-in item info is null
06-07 18:00:47.174  1526  1526 I SsBaseTemplateCard: Secondary card pane is null
06-07 18:00:47.490 15029 15034 I com.taskflow: Background concurrent mark compact GC freed 4041KB AllocSpace bytes, 8(352KB) LOS objects, 49% free, 3809KB/7619KB, paused 1.611ms,12.368ms total 821.613ms
06-07 18:00:47.524   633  2094 D CoreBackPreview: Window{428e163 u0 com.taskflow/com.taskflow.MainActivity}: Setting back callback OnBackInvokedCallbackInfo{mCallback=android.window.IOnBackInvokedCallback$Stub$Proxy@457fe4e, mPriority=0, mIsAnimationCallback=false}
06-07 18:00:47.614  1878  1878 D CompatChangeReporter: Compat change id reported: 270674727; UID 10206; state: ENABLED
06-07 18:00:47.956 15099 15099 W AccessibilityNodeInfoDumper: Fetch time: 37ms
06-07 18:00:47.987  1526  2018 D EGL_emulation: app_time_stats: avg=1706.86ms min=41.13ms max=9552.09ms count=6
06-07 18:00:48.071   633  2094 W MagnificationConnectionManager: requestConnection duplicated request: connect=false, mConnectionState=DISCONNECTED
06-07 18:00:48.071   633  2094 D AccessibilityManagerService: restoreCurrentUserForTestAutomationIfNeededLocked(): ignoring because device doesn't support visible background users
06-07 18:00:48.071  3300  3316 I AiAiEcho: Settings changed for uri: content://settings/secure/accessibility_enabled
06-07 18:00:48.135  3300  3492 I AiAiEcho: Predicting[0]:  [CONTEXT sampling_count=5 ]
06-07 18:00:48.137  3300  3492 I AiAiEcho: EchoTargets: 
06-07 18:00:48.137  3300  3492 I AiAiEcho: Filtered by AiAi flag check: 
06-07 18:00:48.137  3300  3492 I AiAiEcho: [CONTEXT ratelimit_period="10 SECONDS" ]
06-07 18:00:48.145  3300  3492 I AiAiEcho: Ranked targets strategy: SORT, count: 0, ranking metadata:  [CONTEXT ratelimit_period="10 SECONDS" ]
06-07 18:00:48.156  3300  3492 I AiAiEcho: #remoteViewsTwiddler: feature disabled.
06-07 18:00:48.180  3300  3492 I AiAiEcho: Predicting[0]:  [CONTEXT sampling_count=5 ]
06-07 18:00:48.181  3300  3492 I AiAiEcho: EchoTargets: 
06-07 18:00:48.181  3300  3492 I AiAiEcho: Filtered by AiAi flag check: 
06-07 18:00:48.181  3300  3492 I AiAiEcho: [CONTEXT ratelimit_period="10 SECONDS" ]
06-07 18:00:48.182  3300  3492 I AiAiEcho: Ranked targets strategy: SORT, count: 0, ranking metadata:  [CONTEXT ratelimit_period="10 SECONDS" ]
06-07 18:00:48.185  3300  3492 I AiAiEcho: #remoteViewsTwiddler: feature disabled.
06-07 18:00:48.185  3300  3492 I AiAiEcho: Predicting[0]:  [CONTEXT sampling_count=5 ]
06-07 18:00:48.186  3300  3492 I AiAiEcho: EchoTargets: 
06-07 18:00:48.186  3300  3492 I AiAiEcho: Filtered by AiAi flag check: 
06-07 18:00:48.186  3300  3492 I AiAiEcho: [CONTEXT ratelimit_period="10 SECONDS" ]
06-07 18:00:48.186  3300  3492 I AiAiEcho: Ranked targets strategy: SORT, count: 0, ranking metadata:  [CONTEXT ratelimit_period="10 SECONDS" ]
06-07 18:00:48.194   633   633 W IPCThreadState: Sending oneway calls to frozen process.
06-07 18:00:48.194   633   633 W IPCThreadState: Sending oneway calls to frozen process.
06-07 18:00:48.229  3300  3492 I AiAiEcho: #remoteViewsTwiddler: feature disabled.
06-07 18:00:48.234   633   633 W IPCThreadState: Sending oneway calls to frozen process.
06-07 18:00:48.234 15099 15099 D AndroidRuntime: Shutting down VM
06-07 18:00:48.236   633   633 W IPCThreadState: Sending oneway calls to frozen process.
06-07 18:00:48.240   633   633 W IPCThreadState: Sending oneway calls to frozen process.
06-07 18:00:48.330   633   633 W IPCThreadState: Sending oneway calls to frozen process.
06-07 18:00:48.413   969  1017 W Looper  : Slow dispatch took 141ms wmshell.main h=android.view.ViewRootImpl$ViewRootHandler c=android.view.accessibility.AccessibilityManager$$ExternalSyntheticLambda0@aeebe90 m=0
06-07 18:00:48.444   633   633 W IPCThreadState: Sending oneway calls to frozen process.
06-07 18:00:48.459   633   633 W IPCThreadState: Sending oneway calls to frozen process.
06-07 18:00:48.461  3300  3492 I AiAiEcho: #postPredictionTargets: Sending updates to UISurface lockscreen with targets# 0 (types=[])
06-07 18:00:48.471  3300  3492 I AiAiEcho: #postPredictionTargets: Sending updates to UISurface home with targets# 0 (types=[])
06-07 18:00:48.489  3300  3492 I AiAiEcho: #postPredictionTargets: Sending updates to UISurface media_data_manager with targets# 0 (types=[])
06-07 18:00:48.502   633   633 W Looper  : Slow dispatch took 262ms main h=com.android.server.accessibility.AccessibilityManagerService$MainHandler c=<recycled PooledLambda@7bd11b2> m=0
06-07 18:00:48.593   633  1726 W system_server: Long monitor contention with owner binder:633_1 (664) at void com.android.server.accessibility.AccessibilityWindowManager.removeAccessibilityInteractionConnection(android.view.IWindow)(AccessibilityWindowManager.java:1462) waiters=4 in void com.android.server.accessibility.AccessibilityWindowManager.removeAccessibilityInteractionConnection(android.view.IWindow) for 228ms
06-07 18:00:48.615  1878  5043 I HWUI    : Davey! duration=802ms; Flags=1, FrameTimelineVsyncId=361885, IntendedVsync=79284037873066, Vsync=79284037873066, InputEventId=0, HandleInputStart=79284047840300, AnimationStart=79284047890400, PerformTraversalsStart=79284047947300, DrawStart=79284154829300, FrameDeadline=79284054539732, FrameInterval=79284047775100, FrameStartTime=16666666, SyncQueued=79284163342700, SyncStart=79284256324300, IssueDrawCommandsStart=79284260165700, SwapBuffers=79284859614500, FrameCompleted=79284933764800, DequeueBufferDuration=24149400, QueueBufferDuration=1769000, GpuCompleted=79284933764800, SwapBuffersCompleted=79284899673800, DisplayPresentTime=0, CommandSubmissionCompleted=79284859614500, 
06-07 18:00:48.629   633   633 W Looper  : Slow delivery took 431ms main h=com.android.server.accessibility.AccessibilityManagerService$MainHandler c=<recycled PooledLambda@b538cb7> m=0
06-07 18:00:48.635   633   633 W Looper  : Slow dispatch took 126ms main h=com.android.server.accessibility.AccessibilityManagerService$MainHandler c=<recycled PooledLambda@b538cb7> m=0
06-07 18:00:48.663   969   969 W PageIndicator: Total number of pages invalid: 0. Assuming 1 page.
06-07 18:00:48.672   633   633 W IPCThreadState: Sending oneway calls to frozen process.
06-07 18:00:48.672   969   969 D SsMediaDataProvider: Forwarding Smartspace updates []
06-07 18:00:48.692  1526  1526 D SsBaseTemplateCard: No text view can be set up
06-07 18:00:48.693  1526  1526 D SsBaseTemplateCard: Passed-in item info is null
06-07 18:00:48.694  1526  1526 D SsBaseTemplateCard: Passed-in item info is null
06-07 18:00:48.695  1526  1526 D SsBaseTemplateCard: Passed-in item info is null
06-07 18:00:48.695  1526  1526 I SsBaseTemplateCard: Secondary card pane is null
06-07 18:00:48.696   633   633 W IPCThreadState: Sending oneway calls to frozen process.
06-07 18:00:48.698   633   633 W IPCThreadState: Sending oneway calls to frozen process.
06-07 18:00:48.698   633   633 W IPCThreadState: Sending oneway calls to frozen process.
06-07 18:00:48.707   633   633 D BatterySaverPolicy: accessibility changed to false, updating policy.
06-07 18:00:48.725   633   633 W Looper  : Drained
06-07 18:00:48.799   474   483 W ServiceManagerCppClient: Permission failure: android.permission.ACCESS_SURFACE_FLINGER from uid=10224 pid=0
06-07 18:00:48.799   474   483 D PermissionCache: checking android.permission.ACCESS_SURFACE_FLINGER for uid=10224 => denied (8684 us)
06-07 18:00:48.799   474   535 W ServiceManagerCppClient: Permission failure: android.permission.ACCESS_SURFACE_FLINGER from uid=10224 pid=15029
06-07 18:00:48.800   474   535 D PermissionCache: checking android.permission.ACCESS_SURFACE_FLINGER for uid=10224 => denied (9019 us)
06-07 18:00:48.800   474   483 W ServiceManagerCppClient: Permission failure: android.permission.ROTATE_SURFACE_FLINGER from uid=10224 pid=0
06-07 18:00:48.800   474   483 D PermissionCache: checking android.permission.ROTATE_SURFACE_FLINGER for uid=10224 => denied (602 us)
06-07 18:00:48.801   474   535 W ServiceManagerCppClient: Permission failure: android.permission.ROTATE_SURFACE_FLINGER from uid=10224 pid=15029
06-07 18:00:48.801   474   535 D PermissionCache: checking android.permission.ROTATE_SURFACE_FLINGER for uid=10224 => denied (996 us)
06-07 18:00:48.801   474   483 W ServiceManagerCppClient: Permission failure: android.permission.INTERNAL_SYSTEM_WINDOW from uid=10224 pid=0
06-07 18:00:48.801   474   483 D PermissionCache: checking android.permission.INTERNAL_SYSTEM_WINDOW for uid=10224 => denied (1168 us)
06-07 18:00:48.802   474   535 W ServiceManagerCppClient: Permission failure: android.permission.INTERNAL_SYSTEM_WINDOW from uid=10224 pid=15029
06-07 18:00:48.804   474   535 D PermissionCache: checking android.permission.INTERNAL_SYSTEM_WINDOW for uid=10224 => denied (3146 us)
06-07 18:00:48.808 15029 15060 I EGL_emulation: Opening libGLESv1_CM_emulation.so
06-07 18:00:48.845 15029 15060 I EGL_emulation: Opening libGLESv2_emulation.so
06-07 18:00:48.869 15029 15060 W HWUI    : Failed to choose config with EGL_SWAP_BEHAVIOR_PRESERVED, retrying without...
06-07 18:00:48.870 15029 15060 W HWUI    : Failed to initialize 101010-2 format, error = EGL_SUCCESS
06-07 18:00:49.082     0     0 I servicemanager: Caller(pid=15029,uid=10224,sid=u:r:untrusted_app:s0:c224,c256,c512,c768) Could not find android.hardware.graphics.allocator.IAllocator/default in the VINTF manifest. No alternative instances declared in VINTF.
06-07 18:00:49.168   193   193 I hwservicemanager: getTransport: Cannot find entry android.hardware.graphics.mapper@4.0::IMapper/default in either framework or device VINTF manifest.
06-07 18:00:49.171 15029 15060 I Gralloc4: mapper 4.x is not supported
